// Jest Snapshot v1, https://goo.gl/fbAQLP

exports[`#fetchStatefulSets should collect data: jobState 1`] = `
Object {
  "collectedEntities": Array [
    Object {
      "_class": Array [
        "Group",
      ],
      "_key": "d5976ece-dc03-46a1-921f-cb6043e5f56e",
      "_rawData": Array [
        Object {
          "name": "default",
          "rawData": V1Namespace {
            "apiVersion": undefined,
            "kind": undefined,
            "metadata": V1ObjectMeta {
              "annotations": undefined,
              "clusterName": undefined,
              "creationTimestamp": 2021-04-27T20:57:19.000Z,
              "deletionGracePeriodSeconds": undefined,
              "deletionTimestamp": undefined,
              "finalizers": undefined,
              "generateName": undefined,
              "generation": undefined,
              "labels": undefined,
              "managedFields": Array [
                V1ManagedFieldsEntry {
                  "apiVersion": "v1",
                  "fieldsType": "FieldsV1",
                  "fieldsV1": Object {
                    "f:status": Object {
                      "f:phase": Object {},
                    },
                  },
                  "manager": "kube-apiserver",
                  "operation": "Update",
                  "time": 2021-04-27T20:57:19.000Z,
                },
              ],
              "name": "default",
              "namespace": undefined,
              "ownerReferences": undefined,
              "resourceVersion": "200",
              "selfLink": undefined,
              "uid": "d5976ece-dc03-46a1-921f-cb6043e5f56e",
            },
            "spec": V1NamespaceSpec {
              "finalizers": Array [
                "kubernetes",
              ],
            },
            "status": V1NamespaceStatus {
              "conditions": undefined,
              "phase": "Active",
            },
          },
        },
      ],
      "_type": "kube_namespace",
      "active": undefined,
      "createdOn": 1619557039000,
      "deletionGracePeriodSeconds": undefined,
      "displayName": "default",
      "finalizers": Array [
        "kubernetes",
      ],
      "generation": undefined,
      "name": "default",
      "resourceVersion": "200",
      "status.phase": "Active",
    },
    Object {
      "_class": Array [
        "Group",
      ],
      "_key": "55ea52dd-382c-4b8c-8c24-bff59db4b817",
      "_rawData": Array [
        Object {
          "name": "default",
          "rawData": V1Namespace {
            "apiVersion": undefined,
            "kind": undefined,
            "metadata": V1ObjectMeta {
              "annotations": undefined,
              "clusterName": undefined,
              "creationTimestamp": 2021-04-27T20:57:17.000Z,
              "deletionGracePeriodSeconds": undefined,
              "deletionTimestamp": undefined,
              "finalizers": undefined,
              "generateName": undefined,
              "generation": undefined,
              "labels": undefined,
              "managedFields": Array [
                V1ManagedFieldsEntry {
                  "apiVersion": "v1",
                  "fieldsType": "FieldsV1",
                  "fieldsV1": Object {
                    "f:status": Object {
                      "f:phase": Object {},
                    },
                  },
                  "manager": "kube-apiserver",
                  "operation": "Update",
                  "time": 2021-04-27T20:57:17.000Z,
                },
              ],
              "name": "kube-node-lease",
              "namespace": undefined,
              "ownerReferences": undefined,
              "resourceVersion": "66",
              "selfLink": undefined,
              "uid": "55ea52dd-382c-4b8c-8c24-bff59db4b817",
            },
            "spec": V1NamespaceSpec {
              "finalizers": Array [
                "kubernetes",
              ],
            },
            "status": V1NamespaceStatus {
              "conditions": undefined,
              "phase": "Active",
            },
          },
        },
      ],
      "_type": "kube_namespace",
      "active": undefined,
      "createdOn": 1619557037000,
      "deletionGracePeriodSeconds": undefined,
      "displayName": "kube-node-lease",
      "finalizers": Array [
        "kubernetes",
      ],
      "generation": undefined,
      "name": "kube-node-lease",
      "resourceVersion": "66",
      "status.phase": "Active",
    },
    Object {
      "_class": Array [
        "Group",
      ],
      "_key": "35ca0e47-73b0-4e3d-9e2a-d8f3d6506d88",
      "_rawData": Array [
        Object {
          "name": "default",
          "rawData": V1Namespace {
            "apiVersion": undefined,
            "kind": undefined,
            "metadata": V1ObjectMeta {
              "annotations": undefined,
              "clusterName": undefined,
              "creationTimestamp": 2021-04-27T20:57:17.000Z,
              "deletionGracePeriodSeconds": undefined,
              "deletionTimestamp": undefined,
              "finalizers": undefined,
              "generateName": undefined,
              "generation": undefined,
              "labels": undefined,
              "managedFields": Array [
                V1ManagedFieldsEntry {
                  "apiVersion": "v1",
                  "fieldsType": "FieldsV1",
                  "fieldsV1": Object {
                    "f:status": Object {
                      "f:phase": Object {},
                    },
                  },
                  "manager": "kube-apiserver",
                  "operation": "Update",
                  "time": 2021-04-27T20:57:17.000Z,
                },
              ],
              "name": "kube-public",
              "namespace": undefined,
              "ownerReferences": undefined,
              "resourceVersion": "58",
              "selfLink": undefined,
              "uid": "35ca0e47-73b0-4e3d-9e2a-d8f3d6506d88",
            },
            "spec": V1NamespaceSpec {
              "finalizers": Array [
                "kubernetes",
              ],
            },
            "status": V1NamespaceStatus {
              "conditions": undefined,
              "phase": "Active",
            },
          },
        },
      ],
      "_type": "kube_namespace",
      "active": undefined,
      "createdOn": 1619557037000,
      "deletionGracePeriodSeconds": undefined,
      "displayName": "kube-public",
      "finalizers": Array [
        "kubernetes",
      ],
      "generation": undefined,
      "name": "kube-public",
      "resourceVersion": "58",
      "status.phase": "Active",
    },
    Object {
      "_class": Array [
        "Group",
      ],
      "_key": "239ee6a3-23d6-4ca6-ae32-3b3fdda6a604",
      "_rawData": Array [
        Object {
          "name": "default",
          "rawData": V1Namespace {
            "apiVersion": undefined,
            "kind": undefined,
            "metadata": V1ObjectMeta {
              "annotations": undefined,
              "clusterName": undefined,
              "creationTimestamp": 2021-04-27T20:57:17.000Z,
              "deletionGracePeriodSeconds": undefined,
              "deletionTimestamp": undefined,
              "finalizers": undefined,
              "generateName": undefined,
              "generation": undefined,
              "labels": undefined,
              "managedFields": Array [
                V1ManagedFieldsEntry {
                  "apiVersion": "v1",
                  "fieldsType": "FieldsV1",
                  "fieldsV1": Object {
                    "f:status": Object {
                      "f:phase": Object {},
                    },
                  },
                  "manager": "kube-apiserver",
                  "operation": "Update",
                  "time": 2021-04-27T20:57:17.000Z,
                },
              ],
              "name": "kube-system",
              "namespace": undefined,
              "ownerReferences": undefined,
              "resourceVersion": "34",
              "selfLink": undefined,
              "uid": "239ee6a3-23d6-4ca6-ae32-3b3fdda6a604",
            },
            "spec": V1NamespaceSpec {
              "finalizers": Array [
                "kubernetes",
              ],
            },
            "status": V1NamespaceStatus {
              "conditions": undefined,
              "phase": "Active",
            },
          },
        },
      ],
      "_type": "kube_namespace",
      "active": undefined,
      "createdOn": 1619557037000,
      "deletionGracePeriodSeconds": undefined,
      "displayName": "kube-system",
      "finalizers": Array [
        "kubernetes",
      ],
      "generation": undefined,
      "name": "kube-system",
      "resourceVersion": "34",
      "status.phase": "Active",
    },
    Object {
      "_class": Array [
        "Group",
      ],
      "_key": "0f9d0ac2-87db-41fe-ba0b-285778f29815",
      "_rawData": Array [
        Object {
          "name": "default",
          "rawData": V1Namespace {
            "apiVersion": undefined,
            "kind": undefined,
            "metadata": V1ObjectMeta {
              "annotations": undefined,
              "clusterName": undefined,
              "creationTimestamp": 2021-10-29T16:18:28.000Z,
              "deletionGracePeriodSeconds": undefined,
              "deletionTimestamp": undefined,
              "finalizers": undefined,
              "generateName": undefined,
              "generation": undefined,
              "labels": undefined,
              "managedFields": Array [
                V1ManagedFieldsEntry {
                  "apiVersion": "v1",
                  "fieldsType": "FieldsV1",
                  "fieldsV1": Object {
                    "f:status": Object {
                      "f:phase": Object {},
                    },
                  },
                  "manager": "kubectl-create",
                  "operation": "Update",
                  "time": 2021-10-29T16:18:28.000Z,
                },
              ],
              "name": "my-namespace",
              "namespace": undefined,
              "ownerReferences": undefined,
              "resourceVersion": "1141617",
              "selfLink": undefined,
              "uid": "0f9d0ac2-87db-41fe-ba0b-285778f29815",
            },
            "spec": V1NamespaceSpec {
              "finalizers": Array [
                "kubernetes",
              ],
            },
            "status": V1NamespaceStatus {
              "conditions": undefined,
              "phase": "Active",
            },
          },
        },
      ],
      "_type": "kube_namespace",
      "active": undefined,
      "createdOn": 1635524308000,
      "deletionGracePeriodSeconds": undefined,
      "displayName": "my-namespace",
      "finalizers": Array [
        "kubernetes",
      ],
      "generation": undefined,
      "name": "my-namespace",
      "resourceVersion": "1141617",
      "status.phase": "Active",
    },
    Object {
      "_class": Array [
        "Deployment",
      ],
      "_key": "f34830bc-9c50-47d1-a77f-0f527cb95511",
      "_rawData": Array [
        Object {
          "name": "default",
          "rawData": V1StatefulSet {
            "apiVersion": undefined,
            "kind": undefined,
            "metadata": V1ObjectMeta {
              "annotations": Object {
                "kubectl.kubernetes.io/last-applied-configuration": "{\\"apiVersion\\":\\"apps/v1\\",\\"kind\\":\\"StatefulSet\\",\\"metadata\\":{\\"annotations\\":{},\\"name\\":\\"web\\",\\"namespace\\":\\"default\\"},\\"spec\\":{\\"replicas\\":3,\\"selector\\":{\\"matchLabels\\":{\\"app\\":\\"nginx\\"}},\\"serviceName\\":\\"nginx\\",\\"template\\":{\\"metadata\\":{\\"labels\\":{\\"app\\":\\"nginx\\"}},\\"spec\\":{\\"containers\\":[{\\"image\\":\\"k8s.gcr.io/nginx-slim:0.8\\",\\"name\\":\\"nginx\\",\\"ports\\":[{\\"containerPort\\":80,\\"name\\":\\"web\\"}],\\"volumeMounts\\":[{\\"mountPath\\":\\"/usr/share/nginx/html\\",\\"name\\":\\"www\\"}]}],\\"terminationGracePeriodSeconds\\":10}},\\"volumeClaimTemplates\\":[{\\"metadata\\":{\\"name\\":\\"www\\"},\\"spec\\":{\\"accessModes\\":[\\"ReadWriteOnce\\"],\\"resources\\":{\\"requests\\":{\\"storage\\":\\"1Gi\\"}},\\"storageClassName\\":\\"my-storage-class\\"}}]}}
",
              },
              "clusterName": undefined,
              "creationTimestamp": 2021-06-21T09:21:04.000Z,
              "deletionGracePeriodSeconds": undefined,
              "deletionTimestamp": undefined,
              "finalizers": undefined,
              "generateName": undefined,
              "generation": 1,
              "labels": undefined,
              "managedFields": Array [
                V1ManagedFieldsEntry {
                  "apiVersion": "apps/v1",
                  "fieldsType": "FieldsV1",
                  "fieldsV1": Object {
                    "f:status": Object {
                      "f:collisionCount": Object {},
                      "f:currentReplicas": Object {},
                      "f:currentRevision": Object {},
                      "f:observedGeneration": Object {},
                      "f:replicas": Object {},
                      "f:updateRevision": Object {},
                      "f:updatedReplicas": Object {},
                    },
                  },
                  "manager": "kube-controller-manager",
                  "operation": "Update",
                  "time": 2021-06-21T09:21:04.000Z,
                },
                V1ManagedFieldsEntry {
                  "apiVersion": "apps/v1",
                  "fieldsType": "FieldsV1",
                  "fieldsV1": Object {
                    "f:metadata": Object {
                      "f:annotations": Object {
                        ".": Object {},
                        "f:kubectl.kubernetes.io/last-applied-configuration": Object {},
                      },
                    },
                    "f:spec": Object {
                      "f:podManagementPolicy": Object {},
                      "f:replicas": Object {},
                      "f:revisionHistoryLimit": Object {},
                      "f:selector": Object {},
                      "f:serviceName": Object {},
                      "f:template": Object {
                        "f:metadata": Object {
                          "f:labels": Object {
                            ".": Object {},
                            "f:app": Object {},
                          },
                        },
                        "f:spec": Object {
                          "f:containers": Object {
                            "k:{\\"name\\":\\"nginx\\"}": Object {
                              ".": Object {},
                              "f:image": Object {},
                              "f:imagePullPolicy": Object {},
                              "f:name": Object {},
                              "f:ports": Object {
                                ".": Object {},
                                "k:{\\"containerPort\\":80,\\"protocol\\":\\"TCP\\"}": Object {
                                  ".": Object {},
                                  "f:containerPort": Object {},
                                  "f:name": Object {},
                                  "f:protocol": Object {},
                                },
                              },
                              "f:resources": Object {},
                              "f:terminationMessagePath": Object {},
                              "f:terminationMessagePolicy": Object {},
                              "f:volumeMounts": Object {
                                ".": Object {},
                                "k:{\\"mountPath\\":\\"/usr/share/nginx/html\\"}": Object {
                                  ".": Object {},
                                  "f:mountPath": Object {},
                                  "f:name": Object {},
                                },
                              },
                            },
                          },
                          "f:dnsPolicy": Object {},
                          "f:restartPolicy": Object {},
                          "f:schedulerName": Object {},
                          "f:securityContext": Object {},
                          "f:terminationGracePeriodSeconds": Object {},
                        },
                      },
                      "f:updateStrategy": Object {
                        "f:rollingUpdate": Object {
                          ".": Object {},
                          "f:partition": Object {},
                        },
                        "f:type": Object {},
                      },
                      "f:volumeClaimTemplates": Object {},
                    },
                  },
                  "manager": "kubectl-client-side-apply",
                  "operation": "Update",
                  "time": 2021-06-21T09:21:04.000Z,
                },
              ],
              "name": "web",
              "namespace": "default",
              "ownerReferences": undefined,
              "resourceVersion": "508551",
              "selfLink": undefined,
              "uid": "f34830bc-9c50-47d1-a77f-0f527cb95511",
            },
            "spec": V1StatefulSetSpec {
              "podManagementPolicy": "OrderedReady",
              "replicas": 3,
              "revisionHistoryLimit": 10,
              "selector": V1LabelSelector {
                "matchExpressions": undefined,
                "matchLabels": Object {
                  "app": "nginx",
                },
              },
              "serviceName": "nginx",
              "template": V1PodTemplateSpec {
                "metadata": V1ObjectMeta {
                  "annotations": undefined,
                  "clusterName": undefined,
                  "creationTimestamp": null,
                  "deletionGracePeriodSeconds": undefined,
                  "deletionTimestamp": undefined,
                  "finalizers": undefined,
                  "generateName": undefined,
                  "generation": undefined,
                  "labels": Object {
                    "app": "nginx",
                  },
                  "managedFields": undefined,
                  "name": undefined,
                  "namespace": undefined,
                  "ownerReferences": undefined,
                  "resourceVersion": undefined,
                  "selfLink": undefined,
                  "uid": undefined,
                },
                "spec": V1PodSpec {
                  "activeDeadlineSeconds": undefined,
                  "affinity": undefined,
                  "automountServiceAccountToken": undefined,
                  "containers": Array [
                    V1Container {
                      "args": undefined,
                      "command": undefined,
                      "env": undefined,
                      "envFrom": undefined,
                      "image": "k8s.gcr.io/nginx-slim:0.8",
                      "imagePullPolicy": "IfNotPresent",
                      "lifecycle": undefined,
                      "livenessProbe": undefined,
                      "name": "nginx",
                      "ports": Array [
                        V1ContainerPort {
                          "containerPort": 80,
                          "hostIP": undefined,
                          "hostPort": undefined,
                          "name": "web",
                          "protocol": "TCP",
                        },
                      ],
                      "readinessProbe": undefined,
                      "resources": V1ResourceRequirements {
                        "limits": undefined,
                        "requests": undefined,
                      },
                      "securityContext": undefined,
                      "startupProbe": undefined,
                      "stdin": undefined,
                      "stdinOnce": undefined,
                      "terminationMessagePath": "/dev/termination-log",
                      "terminationMessagePolicy": "File",
                      "tty": undefined,
                      "volumeDevices": undefined,
                      "volumeMounts": Array [
                        V1VolumeMount {
                          "mountPath": "/usr/share/nginx/html",
                          "mountPropagation": undefined,
                          "name": "www",
                          "readOnly": undefined,
                          "subPath": undefined,
                          "subPathExpr": undefined,
                        },
                      ],
                      "workingDir": undefined,
                    },
                  ],
                  "dnsConfig": undefined,
                  "dnsPolicy": "ClusterFirst",
                  "enableServiceLinks": undefined,
                  "ephemeralContainers": undefined,
                  "hostAliases": undefined,
                  "hostIPC": undefined,
                  "hostNetwork": undefined,
                  "hostPID": undefined,
                  "hostname": undefined,
                  "imagePullSecrets": undefined,
                  "initContainers": undefined,
                  "nodeName": undefined,
                  "nodeSelector": undefined,
                  "overhead": undefined,
                  "preemptionPolicy": undefined,
                  "priority": undefined,
                  "priorityClassName": undefined,
                  "readinessGates": undefined,
                  "restartPolicy": "Always",
                  "runtimeClassName": undefined,
                  "schedulerName": "default-scheduler",
                  "securityContext": V1PodSecurityContext {
                    "fsGroup": undefined,
                    "fsGroupChangePolicy": undefined,
                    "runAsGroup": undefined,
                    "runAsNonRoot": undefined,
                    "runAsUser": undefined,
                    "seLinuxOptions": undefined,
                    "seccompProfile": undefined,
                    "supplementalGroups": undefined,
                    "sysctls": undefined,
                    "windowsOptions": undefined,
                  },
                  "serviceAccount": undefined,
                  "serviceAccountName": undefined,
                  "setHostnameAsFQDN": undefined,
                  "shareProcessNamespace": undefined,
                  "subdomain": undefined,
                  "terminationGracePeriodSeconds": 10,
                  "tolerations": undefined,
                  "topologySpreadConstraints": undefined,
                  "volumes": undefined,
                },
              },
              "updateStrategy": V1StatefulSetUpdateStrategy {
                "rollingUpdate": V1RollingUpdateStatefulSetStrategy {
                  "partition": 0,
                },
                "type": "RollingUpdate",
              },
              "volumeClaimTemplates": Array [
                V1PersistentVolumeClaim {
                  "apiVersion": "v1",
                  "kind": "PersistentVolumeClaim",
                  "metadata": V1ObjectMeta {
                    "annotations": undefined,
                    "clusterName": undefined,
                    "creationTimestamp": null,
                    "deletionGracePeriodSeconds": undefined,
                    "deletionTimestamp": undefined,
                    "finalizers": undefined,
                    "generateName": undefined,
                    "generation": undefined,
                    "labels": undefined,
                    "managedFields": undefined,
                    "name": "www",
                    "namespace": undefined,
                    "ownerReferences": undefined,
                    "resourceVersion": undefined,
                    "selfLink": undefined,
                    "uid": undefined,
                  },
                  "spec": V1PersistentVolumeClaimSpec {
                    "accessModes": Array [
                      "ReadWriteOnce",
                    ],
                    "dataSource": undefined,
                    "resources": V1ResourceRequirements {
                      "limits": undefined,
                      "requests": Object {
                        "storage": "1Gi",
                      },
                    },
                    "selector": undefined,
                    "storageClassName": "my-storage-class",
                    "volumeMode": "Filesystem",
                    "volumeName": undefined,
                  },
                  "status": V1PersistentVolumeClaimStatus {
                    "accessModes": undefined,
                    "capacity": undefined,
                    "conditions": undefined,
                    "phase": "Pending",
                  },
                },
              ],
            },
            "status": V1StatefulSetStatus {
              "collisionCount": 0,
              "conditions": undefined,
              "currentReplicas": 1,
              "currentRevision": "web-6596ffb49b",
              "observedGeneration": 1,
              "readyReplicas": undefined,
              "replicas": 1,
              "updateRevision": "web-6596ffb49b",
              "updatedReplicas": 1,
            },
          },
        },
      ],
      "_type": "kube_stateful_set",
      "active": undefined,
      "createdOn": 1624267264000,
      "deletedOn": undefined,
      "deletionGracePeriodSeconds": undefined,
      "displayName": "web",
      "generation": 1,
      "name": "web",
      "podManagementPolicy": "OrderedReady",
      "replicas": 3,
      "resourceVersion": "508551",
      "revisionHistoryLimit": 10,
      "serviceName": "nginx",
      "status.collisionCount": 0,
      "status.currentReplicas": 1,
      "status.currentRevision": "web-6596ffb49b",
      "status.observedGeneration": 1,
      "status.readyReplicas": undefined,
      "status.replicas": 1,
      "status.updateRevision": "web-6596ffb49b",
      "status.updatedReplicas": 1,
      "strategy.partition": 0,
      "strategy.type": "RollingUpdate",
    },
  ],
  "collectedRelationships": Array [
    Object {
      "_class": "CONTAINS",
      "_fromEntityKey": "d5976ece-dc03-46a1-921f-cb6043e5f56e",
      "_key": "d5976ece-dc03-46a1-921f-cb6043e5f56e|contains|f34830bc-9c50-47d1-a77f-0f527cb95511",
      "_toEntityKey": "f34830bc-9c50-47d1-a77f-0f527cb95511",
      "_type": "kube_namespace_contains_stateful_set",
      "displayName": "CONTAINS",
    },
  ],
  "encounteredTypes": Array [
    "kube_namespace",
    "kube_stateful_set",
    "kube_namespace_contains_stateful_set",
  ],
  "numCollectedEntities": 6,
  "numCollectedRelationships": 1,
}
`;
