// Jest Snapshot v1, https://goo.gl/fbAQLP

exports[`#fetchCronJobs should collect data: jobState 1`] = `
Object {
  "collectedEntities": Array [
    Object {
      "_class": Array [
        "Group",
      ],
      "_key": "d5976ece-dc03-46a1-921f-cb6043e5f56e",
      "_rawData": Array [
        Object {
          "name": "default",
          "rawData": V1Namespace {
            "apiVersion": undefined,
            "kind": undefined,
            "metadata": V1ObjectMeta {
              "annotations": undefined,
              "clusterName": undefined,
              "creationTimestamp": 2021-04-27T20:57:19.000Z,
              "deletionGracePeriodSeconds": undefined,
              "deletionTimestamp": undefined,
              "finalizers": undefined,
              "generateName": undefined,
              "generation": undefined,
              "labels": undefined,
              "managedFields": Array [
                V1ManagedFieldsEntry {
                  "apiVersion": "v1",
                  "fieldsType": "FieldsV1",
                  "fieldsV1": Object {
                    "f:status": Object {
                      "f:phase": Object {},
                    },
                  },
                  "manager": "kube-apiserver",
                  "operation": "Update",
                  "time": 2021-04-27T20:57:19.000Z,
                },
              ],
              "name": "default",
              "namespace": undefined,
              "ownerReferences": undefined,
              "resourceVersion": "200",
              "selfLink": undefined,
              "uid": "d5976ece-dc03-46a1-921f-cb6043e5f56e",
            },
            "spec": V1NamespaceSpec {
              "finalizers": Array [
                "kubernetes",
              ],
            },
            "status": V1NamespaceStatus {
              "conditions": undefined,
              "phase": "Active",
            },
          },
        },
      ],
      "_type": "kube_namespace",
      "active": undefined,
      "createdOn": 1619557039000,
      "deletionGracePeriodSeconds": undefined,
      "displayName": "default",
      "finalizers": Array [
        "kubernetes",
      ],
      "generation": undefined,
      "name": "default",
      "resourceVersion": "200",
      "status.phase": "Active",
    },
    Object {
      "_class": Array [
        "Group",
      ],
      "_key": "55ea52dd-382c-4b8c-8c24-bff59db4b817",
      "_rawData": Array [
        Object {
          "name": "default",
          "rawData": V1Namespace {
            "apiVersion": undefined,
            "kind": undefined,
            "metadata": V1ObjectMeta {
              "annotations": undefined,
              "clusterName": undefined,
              "creationTimestamp": 2021-04-27T20:57:17.000Z,
              "deletionGracePeriodSeconds": undefined,
              "deletionTimestamp": undefined,
              "finalizers": undefined,
              "generateName": undefined,
              "generation": undefined,
              "labels": undefined,
              "managedFields": Array [
                V1ManagedFieldsEntry {
                  "apiVersion": "v1",
                  "fieldsType": "FieldsV1",
                  "fieldsV1": Object {
                    "f:status": Object {
                      "f:phase": Object {},
                    },
                  },
                  "manager": "kube-apiserver",
                  "operation": "Update",
                  "time": 2021-04-27T20:57:17.000Z,
                },
              ],
              "name": "kube-node-lease",
              "namespace": undefined,
              "ownerReferences": undefined,
              "resourceVersion": "66",
              "selfLink": undefined,
              "uid": "55ea52dd-382c-4b8c-8c24-bff59db4b817",
            },
            "spec": V1NamespaceSpec {
              "finalizers": Array [
                "kubernetes",
              ],
            },
            "status": V1NamespaceStatus {
              "conditions": undefined,
              "phase": "Active",
            },
          },
        },
      ],
      "_type": "kube_namespace",
      "active": undefined,
      "createdOn": 1619557037000,
      "deletionGracePeriodSeconds": undefined,
      "displayName": "kube-node-lease",
      "finalizers": Array [
        "kubernetes",
      ],
      "generation": undefined,
      "name": "kube-node-lease",
      "resourceVersion": "66",
      "status.phase": "Active",
    },
    Object {
      "_class": Array [
        "Group",
      ],
      "_key": "35ca0e47-73b0-4e3d-9e2a-d8f3d6506d88",
      "_rawData": Array [
        Object {
          "name": "default",
          "rawData": V1Namespace {
            "apiVersion": undefined,
            "kind": undefined,
            "metadata": V1ObjectMeta {
              "annotations": undefined,
              "clusterName": undefined,
              "creationTimestamp": 2021-04-27T20:57:17.000Z,
              "deletionGracePeriodSeconds": undefined,
              "deletionTimestamp": undefined,
              "finalizers": undefined,
              "generateName": undefined,
              "generation": undefined,
              "labels": undefined,
              "managedFields": Array [
                V1ManagedFieldsEntry {
                  "apiVersion": "v1",
                  "fieldsType": "FieldsV1",
                  "fieldsV1": Object {
                    "f:status": Object {
                      "f:phase": Object {},
                    },
                  },
                  "manager": "kube-apiserver",
                  "operation": "Update",
                  "time": 2021-04-27T20:57:17.000Z,
                },
              ],
              "name": "kube-public",
              "namespace": undefined,
              "ownerReferences": undefined,
              "resourceVersion": "58",
              "selfLink": undefined,
              "uid": "35ca0e47-73b0-4e3d-9e2a-d8f3d6506d88",
            },
            "spec": V1NamespaceSpec {
              "finalizers": Array [
                "kubernetes",
              ],
            },
            "status": V1NamespaceStatus {
              "conditions": undefined,
              "phase": "Active",
            },
          },
        },
      ],
      "_type": "kube_namespace",
      "active": undefined,
      "createdOn": 1619557037000,
      "deletionGracePeriodSeconds": undefined,
      "displayName": "kube-public",
      "finalizers": Array [
        "kubernetes",
      ],
      "generation": undefined,
      "name": "kube-public",
      "resourceVersion": "58",
      "status.phase": "Active",
    },
    Object {
      "_class": Array [
        "Group",
      ],
      "_key": "239ee6a3-23d6-4ca6-ae32-3b3fdda6a604",
      "_rawData": Array [
        Object {
          "name": "default",
          "rawData": V1Namespace {
            "apiVersion": undefined,
            "kind": undefined,
            "metadata": V1ObjectMeta {
              "annotations": undefined,
              "clusterName": undefined,
              "creationTimestamp": 2021-04-27T20:57:17.000Z,
              "deletionGracePeriodSeconds": undefined,
              "deletionTimestamp": undefined,
              "finalizers": undefined,
              "generateName": undefined,
              "generation": undefined,
              "labels": undefined,
              "managedFields": Array [
                V1ManagedFieldsEntry {
                  "apiVersion": "v1",
                  "fieldsType": "FieldsV1",
                  "fieldsV1": Object {
                    "f:status": Object {
                      "f:phase": Object {},
                    },
                  },
                  "manager": "kube-apiserver",
                  "operation": "Update",
                  "time": 2021-04-27T20:57:17.000Z,
                },
              ],
              "name": "kube-system",
              "namespace": undefined,
              "ownerReferences": undefined,
              "resourceVersion": "34",
              "selfLink": undefined,
              "uid": "239ee6a3-23d6-4ca6-ae32-3b3fdda6a604",
            },
            "spec": V1NamespaceSpec {
              "finalizers": Array [
                "kubernetes",
              ],
            },
            "status": V1NamespaceStatus {
              "conditions": undefined,
              "phase": "Active",
            },
          },
        },
      ],
      "_type": "kube_namespace",
      "active": undefined,
      "createdOn": 1619557037000,
      "deletionGracePeriodSeconds": undefined,
      "displayName": "kube-system",
      "finalizers": Array [
        "kubernetes",
      ],
      "generation": undefined,
      "name": "kube-system",
      "resourceVersion": "34",
      "status.phase": "Active",
    },
    Object {
      "_class": Array [
        "Task",
      ],
      "_key": "223aa203-ed63-4c0e-a113-99abfe9d48e6",
      "_rawData": Array [
        Object {
          "name": "default",
          "rawData": V1beta1CronJob {
            "apiVersion": undefined,
            "kind": undefined,
            "metadata": V1ObjectMeta {
              "annotations": Object {
                "kubectl.kubernetes.io/last-applied-configuration": "{\\"apiVersion\\":\\"batch/v1beta1\\",\\"kind\\":\\"CronJob\\",\\"metadata\\":{\\"annotations\\":{},\\"name\\":\\"hello\\",\\"namespace\\":\\"default\\"},\\"spec\\":{\\"jobTemplate\\":{\\"spec\\":{\\"template\\":{\\"spec\\":{\\"containers\\":[{\\"command\\":[\\"/bin/sh\\",\\"-c\\",\\"date; echo Hello from the Kubernetes cluster\\"],\\"image\\":\\"busybox\\",\\"imagePullPolicy\\":\\"IfNotPresent\\",\\"name\\":\\"hello\\"}],\\"restartPolicy\\":\\"OnFailure\\"}}}},\\"schedule\\":\\"*/1 * * * *\\"}}
",
              },
              "clusterName": undefined,
              "creationTimestamp": 2021-06-23T13:09:30.000Z,
              "deletionGracePeriodSeconds": undefined,
              "deletionTimestamp": undefined,
              "finalizers": undefined,
              "generateName": undefined,
              "generation": undefined,
              "labels": undefined,
              "managedFields": Array [
                V1ManagedFieldsEntry {
                  "apiVersion": "batch/v1beta1",
                  "fieldsType": "FieldsV1",
                  "fieldsV1": Object {
                    "f:metadata": Object {
                      "f:annotations": Object {
                        ".": Object {},
                        "f:kubectl.kubernetes.io/last-applied-configuration": Object {},
                      },
                    },
                    "f:spec": Object {
                      "f:concurrencyPolicy": Object {},
                      "f:failedJobsHistoryLimit": Object {},
                      "f:jobTemplate": Object {
                        "f:spec": Object {
                          "f:template": Object {
                            "f:spec": Object {
                              "f:containers": Object {
                                "k:{\\"name\\":\\"hello\\"}": Object {
                                  ".": Object {},
                                  "f:command": Object {},
                                  "f:image": Object {},
                                  "f:imagePullPolicy": Object {},
                                  "f:name": Object {},
                                  "f:resources": Object {},
                                  "f:terminationMessagePath": Object {},
                                  "f:terminationMessagePolicy": Object {},
                                },
                              },
                              "f:dnsPolicy": Object {},
                              "f:restartPolicy": Object {},
                              "f:schedulerName": Object {},
                              "f:securityContext": Object {},
                              "f:terminationGracePeriodSeconds": Object {},
                            },
                          },
                        },
                      },
                      "f:schedule": Object {},
                      "f:successfulJobsHistoryLimit": Object {},
                      "f:suspend": Object {},
                    },
                  },
                  "manager": "kubectl-client-side-apply",
                  "operation": "Update",
                  "time": 2021-06-23T13:09:30.000Z,
                },
                V1ManagedFieldsEntry {
                  "apiVersion": "batch/v1beta1",
                  "fieldsType": "FieldsV1",
                  "fieldsV1": Object {
                    "f:status": Object {
                      "f:lastScheduleTime": Object {},
                    },
                  },
                  "manager": "kube-controller-manager",
                  "operation": "Update",
                  "time": 2021-06-23T17:56:04.000Z,
                },
              ],
              "name": "hello",
              "namespace": "default",
              "ownerReferences": undefined,
              "resourceVersion": "572357",
              "selfLink": undefined,
              "uid": "223aa203-ed63-4c0e-a113-99abfe9d48e6",
            },
            "spec": V1beta1CronJobSpec {
              "concurrencyPolicy": "Allow",
              "failedJobsHistoryLimit": 1,
              "jobTemplate": V1beta1JobTemplateSpec {
                "metadata": V1ObjectMeta {
                  "annotations": undefined,
                  "clusterName": undefined,
                  "creationTimestamp": null,
                  "deletionGracePeriodSeconds": undefined,
                  "deletionTimestamp": undefined,
                  "finalizers": undefined,
                  "generateName": undefined,
                  "generation": undefined,
                  "labels": undefined,
                  "managedFields": undefined,
                  "name": undefined,
                  "namespace": undefined,
                  "ownerReferences": undefined,
                  "resourceVersion": undefined,
                  "selfLink": undefined,
                  "uid": undefined,
                },
                "spec": V1JobSpec {
                  "activeDeadlineSeconds": undefined,
                  "backoffLimit": undefined,
                  "completions": undefined,
                  "manualSelector": undefined,
                  "parallelism": undefined,
                  "selector": undefined,
                  "template": V1PodTemplateSpec {
                    "metadata": V1ObjectMeta {
                      "annotations": undefined,
                      "clusterName": undefined,
                      "creationTimestamp": null,
                      "deletionGracePeriodSeconds": undefined,
                      "deletionTimestamp": undefined,
                      "finalizers": undefined,
                      "generateName": undefined,
                      "generation": undefined,
                      "labels": undefined,
                      "managedFields": undefined,
                      "name": undefined,
                      "namespace": undefined,
                      "ownerReferences": undefined,
                      "resourceVersion": undefined,
                      "selfLink": undefined,
                      "uid": undefined,
                    },
                    "spec": V1PodSpec {
                      "activeDeadlineSeconds": undefined,
                      "affinity": undefined,
                      "automountServiceAccountToken": undefined,
                      "containers": Array [
                        V1Container {
                          "args": undefined,
                          "command": Array [
                            "/bin/sh",
                            "-c",
                            "date; echo Hello from the Kubernetes cluster",
                          ],
                          "env": undefined,
                          "envFrom": undefined,
                          "image": "busybox",
                          "imagePullPolicy": "IfNotPresent",
                          "lifecycle": undefined,
                          "livenessProbe": undefined,
                          "name": "hello",
                          "ports": undefined,
                          "readinessProbe": undefined,
                          "resources": V1ResourceRequirements {
                            "limits": undefined,
                            "requests": undefined,
                          },
                          "securityContext": undefined,
                          "startupProbe": undefined,
                          "stdin": undefined,
                          "stdinOnce": undefined,
                          "terminationMessagePath": "/dev/termination-log",
                          "terminationMessagePolicy": "File",
                          "tty": undefined,
                          "volumeDevices": undefined,
                          "volumeMounts": undefined,
                          "workingDir": undefined,
                        },
                      ],
                      "dnsConfig": undefined,
                      "dnsPolicy": "ClusterFirst",
                      "enableServiceLinks": undefined,
                      "ephemeralContainers": undefined,
                      "hostAliases": undefined,
                      "hostIPC": undefined,
                      "hostNetwork": undefined,
                      "hostPID": undefined,
                      "hostname": undefined,
                      "imagePullSecrets": undefined,
                      "initContainers": undefined,
                      "nodeName": undefined,
                      "nodeSelector": undefined,
                      "overhead": undefined,
                      "preemptionPolicy": undefined,
                      "priority": undefined,
                      "priorityClassName": undefined,
                      "readinessGates": undefined,
                      "restartPolicy": "OnFailure",
                      "runtimeClassName": undefined,
                      "schedulerName": "default-scheduler",
                      "securityContext": V1PodSecurityContext {
                        "fsGroup": undefined,
                        "fsGroupChangePolicy": undefined,
                        "runAsGroup": undefined,
                        "runAsNonRoot": undefined,
                        "runAsUser": undefined,
                        "seLinuxOptions": undefined,
                        "seccompProfile": undefined,
                        "supplementalGroups": undefined,
                        "sysctls": undefined,
                        "windowsOptions": undefined,
                      },
                      "serviceAccount": undefined,
                      "serviceAccountName": undefined,
                      "setHostnameAsFQDN": undefined,
                      "shareProcessNamespace": undefined,
                      "subdomain": undefined,
                      "terminationGracePeriodSeconds": 30,
                      "tolerations": undefined,
                      "topologySpreadConstraints": undefined,
                      "volumes": undefined,
                    },
                  },
                  "ttlSecondsAfterFinished": undefined,
                },
              },
              "schedule": "*/1 * * * *",
              "startingDeadlineSeconds": undefined,
              "successfulJobsHistoryLimit": 3,
              "suspend": false,
            },
            "status": V1beta1CronJobStatus {
              "active": undefined,
              "lastScheduleTime": 2021-06-23T17:56:00.000Z,
            },
          },
        },
      ],
      "_type": "kube_cron_job",
      "active": undefined,
      "concurrencyPolicy": "Allow",
      "createdOn": 1624453770000,
      "deletedOn": undefined,
      "deletionGracePeriodSeconds": undefined,
      "displayName": "hello",
      "failedJobsHistoryLimit": 1,
      "generation": undefined,
      "name": "hello",
      "resourceVersion": "572357",
      "schedule": "*/1 * * * *",
      "startingDeadlineSeconds": undefined,
      "status.lastScheduleTime": 1624470960000,
      "successfulJobsHistoryLimit": 3,
      "suspend": false,
    },
  ],
  "collectedRelationships": Array [
    Object {
      "_class": "CONTAINS",
      "_fromEntityKey": "d5976ece-dc03-46a1-921f-cb6043e5f56e",
      "_key": "d5976ece-dc03-46a1-921f-cb6043e5f56e|contains|223aa203-ed63-4c0e-a113-99abfe9d48e6",
      "_toEntityKey": "223aa203-ed63-4c0e-a113-99abfe9d48e6",
      "_type": "kube_namespace_contains_cron_job",
      "displayName": "CONTAINS",
    },
  ],
  "encounteredTypes": Array [
    "kube_namespace",
    "kube_cron_job",
    "kube_namespace_contains_cron_job",
  ],
  "numCollectedEntities": 5,
  "numCollectedRelationships": 1,
}
`;
