// Jest Snapshot v1, https://goo.gl/fbAQLP

exports[`#createPodEntity should convert data 1`] = `
Object {
  "_class": Array [
    "Task",
  ],
  "_key": "eca213de-5efe-4224-b88a-06abd6eda442",
  "_rawData": Array [
    Object {
      "name": "default",
      "rawData": Object {
        "metadata": Object {
          "creationTimestamp": 2021-04-13T15:37:33.000Z,
          "generateName": "kubernetes-bootcamp-57978f5f5d-",
          "labels": Object {
            "app": "kubernetes-bootcamp",
            "pod-template-hash": "57978f5f5d",
          },
          "managedFields": Array [
            Object {
              "apiVersion": "v1",
              "fieldsType": "FieldsV1",
              "fieldsV1": Object {
                "f:metadata": Object {
                  "f:generateName": Object {},
                  "f:labels": Object {
                    ".": Object {},
                    "f:app": Object {},
                    "f:pod-template-hash": Object {},
                  },
                  "f:ownerReferences": Object {
                    ".": Object {},
                    "k:{\\"uid\\":\\"670b166f-b57f-4666-b82d-bae797ebce8d\\"}": Object {
                      ".": Object {},
                      "f:apiVersion": Object {},
                      "f:blockOwnerDeletion": Object {},
                      "f:controller": Object {},
                      "f:kind": Object {},
                      "f:name": Object {},
                      "f:uid": Object {},
                    },
                  },
                },
                "f:spec": Object {
                  "f:containers": Object {
                    "k:{\\"name\\":\\"kubernetes-bootcamp\\"}": Object {
                      ".": Object {},
                      "f:image": Object {},
                      "f:imagePullPolicy": Object {},
                      "f:name": Object {},
                      "f:resources": Object {},
                      "f:terminationMessagePath": Object {},
                      "f:terminationMessagePolicy": Object {},
                    },
                  },
                  "f:dnsPolicy": Object {},
                  "f:enableServiceLinks": Object {},
                  "f:restartPolicy": Object {},
                  "f:schedulerName": Object {},
                  "f:securityContext": Object {},
                  "f:terminationGracePeriodSeconds": Object {},
                },
              },
              "manager": "kube-controller-manager",
              "operation": "Update",
              "time": 2021-04-13T15:37:33.000Z,
            },
            Object {
              "apiVersion": "v1",
              "fieldsType": "FieldsV1",
              "fieldsV1": Object {
                "f:status": Object {
                  "f:conditions": Object {
                    "k:{\\"type\\":\\"ContainersReady\\"}": Object {
                      ".": Object {},
                      "f:lastProbeTime": Object {},
                      "f:lastTransitionTime": Object {},
                      "f:status": Object {},
                      "f:type": Object {},
                    },
                    "k:{\\"type\\":\\"Initialized\\"}": Object {
                      ".": Object {},
                      "f:lastProbeTime": Object {},
                      "f:lastTransitionTime": Object {},
                      "f:status": Object {},
                      "f:type": Object {},
                    },
                    "k:{\\"type\\":\\"Ready\\"}": Object {
                      ".": Object {},
                      "f:lastProbeTime": Object {},
                      "f:lastTransitionTime": Object {},
                      "f:status": Object {},
                      "f:type": Object {},
                    },
                  },
                  "f:containerStatuses": Object {},
                  "f:hostIP": Object {},
                  "f:phase": Object {},
                  "f:podIP": Object {},
                  "f:podIPs": Object {
                    ".": Object {},
                    "k:{\\"ip\\":\\"10.10.10.10\\"}": Object {
                      ".": Object {},
                      "f:ip": Object {},
                    },
                  },
                  "f:startTime": Object {},
                },
              },
              "manager": "kubelet",
              "operation": "Update",
              "time": 2021-04-15T14:03:05.000Z,
            },
          ],
          "name": "kubernetes-bootcamp-57978f5f5d-pq2sb",
          "namespace": "default",
          "ownerReferences": Array [
            Object {
              "apiVersion": "apps/v1",
              "blockOwnerDeletion": true,
              "controller": true,
              "kind": "ReplicaSet",
              "name": "kubernetes-bootcamp-57978f5f5d",
              "uid": "670b166f-b57f-4666-b82d-bae797ebce8d",
            },
          ],
          "resourceVersion": "74381",
          "uid": "eca213de-5efe-4224-b88a-06abd6eda442",
        },
        "spec": Object {
          "containers": Array [
            Object {
              "image": "gcr.io/google-samples/kubernetes-bootcamp:v1",
              "imagePullPolicy": "IfNotPresent",
              "name": "kubernetes-bootcamp",
              "resources": Object {},
              "terminationMessagePath": "/dev/termination-log",
              "terminationMessagePolicy": "File",
              "volumeMounts": Array [
                Object {
                  "mountPath": "/var/run/secrets/kubernetes.io/serviceaccount",
                  "name": "default-token-87f6f",
                  "readOnly": true,
                },
              ],
            },
          ],
          "dnsPolicy": "ClusterFirst",
          "enableServiceLinks": true,
          "nodeName": "minikube",
          "preemptionPolicy": "PreemptLowerPriority",
          "priority": 0,
          "restartPolicy": "Always",
          "schedulerName": "default-scheduler",
          "securityContext": Object {},
          "serviceAccount": "default",
          "serviceAccountName": "default",
          "terminationGracePeriodSeconds": 30,
          "tolerations": Array [
            Object {
              "effect": "NoExecute",
              "key": "node.kubernetes.io/not-ready",
              "operator": "Exists",
              "tolerationSeconds": 300,
            },
            Object {
              "effect": "NoExecute",
              "key": "node.kubernetes.io/unreachable",
              "operator": "Exists",
              "tolerationSeconds": 300,
            },
          ],
          "volumes": Array [
            Object {
              "name": "default-token-87f6f",
              "secret": Object {
                "defaultMode": 420,
                "secretName": "default-token-87f6f",
              },
            },
          ],
        },
        "status": Object {
          "conditions": Array [
            Object {
              "lastProbeTime": undefined,
              "lastTransitionTime": 2021-04-13T15:37:33.000Z,
              "status": "True",
              "type": "Initialized",
            },
          ],
          "containerStatuses": Array [
            Object {
              "containerID": "docker://d766c0527ed1b455a3ccc0ee3aa9c38f1c75c2607fa29138dc5e7e2266c6702d",
              "image": "gcr.io/google-samples/kubernetes-bootcamp:v1",
              "imageID": "docker-pullable://gcr.io/google-samples/kubernetes-bootcamp@sha256:0d6b8ee63bb57c5f5b6156f446b3bc3b3c143d233037f3a2f00e279c8fcc64af",
              "lastState": Object {
                "terminated": Object {
                  "containerID": "docker://9c7a252fc7978278d151c962828d9a901c0f12319bcb0e4e2718f2539bf8777b",
                  "exitCode": 255,
                  "finishedAt": 2021-04-15T14:02:34.000Z,
                  "reason": "Error",
                  "startedAt": 2021-04-13T15:37:46.000Z,
                },
              },
              "name": "kubernetes-bootcamp",
              "ready": true,
              "restartCount": 1,
              "started": true,
              "state": Object {
                "running": Object {
                  "startedAt": 2021-04-15T14:03:01.000Z,
                },
              },
            },
          ],
          "hostIP": "192.168.22.1",
          "phase": "Running",
          "podIP": "10.10.10.10",
          "podIPs": Array [
            Object {
              "ip": "10.10.10.10",
            },
          ],
          "qosClass": "BestEffort",
          "startTime": 2021-04-13T15:37:33.000Z,
        },
      },
    },
  ],
  "_type": "kube_pod",
  "active": undefined,
  "activeDeadlineSeconds": undefined,
  "automountServiceAccountToken": undefined,
  "createdOn": 1618328253000,
  "deletionGracePeriodSeconds": undefined,
  "displayName": "kubernetes-bootcamp-57978f5f5d-pq2sb",
  "dnsPolicy": "ClusterFirst",
  "enableServiceLinks": true,
  "generation": undefined,
  "hostIPC": undefined,
  "hostNetwork": undefined,
  "hostPID": undefined,
  "hostname": undefined,
  "name": "kubernetes-bootcamp-57978f5f5d-pq2sb",
  "nodeName": "minikube",
  "preemptionPolicy": "PreemptLowerPriority",
  "priority": 0,
  "priorityClassName": undefined,
  "resourceVersion": "74381",
  "restartPolicy": "Always",
  "runtimeClassName": undefined,
  "schedulerName": "default-scheduler",
  "serviceAccount": "default",
  "serviceAccountName": "default",
  "setHostnameAsFQDN": undefined,
  "shareProcessNamespace": undefined,
  "status.hostIP": "192.168.22.1",
  "status.message": undefined,
  "status.nominatedNodeName": undefined,
  "status.phase": "Running",
  "status.podIP": "10.10.10.10",
  "status.qosClass": "BestEffort",
  "status.reason": undefined,
  "status.startTime": 1618328253000,
  "subdomain": undefined,
  "terminationGracePeriodSeconds": 30,
}
`;
